// Jest Snapshot v1, https://goo.gl/fbAQLP

exports[`Error Page should display an error message if page not found 1`] = `
<div>
  <h1>
    404 Error - 
    <Link
      replace={false}
      to="/"
    >
      Go Home
    </Link>
  </h1>
</div>
`;
