// Jest Snapshot v1, https://goo.gl/fbAQLP

exports[`AddExpensePage Component should render AddExpensePage properly 1`] = `
<div>
  <h1>
    Add an expense:
  </h1>
  <ExpenseForm
    onSubmit={[Function]}
  />
</div>
`;
