// Jest Snapshot v1, https://goo.gl/fbAQLP

exports[`EditExpensePage Component should EditExpensePage component properly 1`] = `
<div>
  <ExpenseForm
    expense={
      Object {
        "amount": 34589,
        "createdAt": 0,
        "description": "November gas payment",
        "id": "2",
        "note": "This is my last gas payment for November",
      }
    }
    onSubmit={[Function]}
  />
  <button
    onClick={[Function]}
  >
    Remove
  </button>
</div>
`;
