// Jest Snapshot v1, https://goo.gl/fbAQLP

exports[`ExpenseListItem Component should render an expense list item 1`] = `
<div>
  <Link
    replace={false}
    to="/edit/1"
  >
    <h3>
      Description: 
      November rent payment
    </h3>
  </Link>
  <p>
    Amount: 
    53500
  </p>
  <p>
    Created On: 
    -345600000
  </p>
</div>
`;
