// Jest Snapshot v1, https://goo.gl/fbAQLP

exports[`ExpenseDashboardPage Component should display both ExpenseListFilters and ExpenseList 1`] = `
<div>
  <Connect(ExpenseListFilters) />
  <Connect(ExpenseList) />
</div>
`;
