// Jest Snapshot v1, https://goo.gl/fbAQLP

exports[`React Header component should properly render the react Header component 1`] = `
<div>
  <h1>
    Expensy
  </h1>
  <NavLink
    activeClassName="is-active"
    ariaCurrent="true"
    exact={true}
    to="/"
  >
    DashBoard
  </NavLink>
  <NavLink
    activeClassName="is-active"
    ariaCurrent="true"
    to="/create"
  >
    Create Expense
  </NavLink>
  <NavLink
    activeClassName="is-active"
    ariaCurrent="true"
    to="/help"
  >
    Help
  </NavLink>
</div>
`;
